
> vaidik-web@0.1.0 build
> npx rimraf .next && next build

   Γû▓ Next.js 15.5.14
   - Environments: .env

   Creating an optimized production build ...
 Γ£ô Compiled successfully in 19.4s
   Linting and checking validity of types ...
   Collecting page data ...
   Generating static pages (0/63) ...
≡ƒîì API Base URL: http://localhost:3001/api/v1
≡ƒîì API Base URL: http://localhost:3001/api/v1
≡ƒîì API Base URL: http://localhost:3001/api/v1
   Generating static pages (15/63) 
   Generating static pages (31/63) 
   Generating static pages (47/63) 
 Γ£ô Generating static pages (63/63)
   Finalizing page optimization ...
   Collecting build traces ...

Route (app)                                 Size  First Load JS
Γöî Γùï /                                      136 B         103 kB
Γö£ Γùï /_not-found                             1 kB         104 kB
Γö£ ╞Æ /.well-known/assetlinks.json           136 B         103 kB
Γö£ Γùï /ai-astrologer-chat                  12.1 kB         556 kB
Γö£ ╞Æ /ai-astrologer/[id]                    10 kB         573 kB
Γö£ Γùï /ai-chat-history                     11.3 kB         568 kB
Γö£ ╞Æ /ai-chat/[orderId]                   12.3 kB         572 kB
Γö£ ╞Æ /astrologer/[id]                     7.32 kB         528 kB
Γö£ Γùï /astrologer/delete-account           5.52 kB         134 kB
Γö£ Γùï /astrologers-call                    5.23 kB         526 kB
Γö£ Γùï /astrologers-chat                    5.35 kB         526 kB
Γö£ Γùï /astrology-calculators               2.76 kB         508 kB
Γö£ Γùï /atlas                               4.43 kB         529 kB
Γö£ Γùï /baby-names                          2.95 kB         504 kB
Γö£ ╞Æ /baby-names/alphabet/[letter]        4.88 kB         506 kB
Γö£ ╞Æ /baby-names/nakshatra/[name]         5.03 kB         506 kB
Γö£ ╞Æ /baby-names/zodiac/[sign]               5 kB         506 kB
Γö£ Γùï /calendar                            6.04 kB         531 kB
Γö£ ╞Æ /call/[sessionId]                    7.26 kB         519 kB
Γö£ Γùï /celebrity-horoscopes                7.47 kB         490 kB
Γö£ ╞Æ /celebrity-horoscopes/[slug]         7.69 kB         538 kB
Γö£ ╞Æ /chat/[orderId]                      7.67 kB         523 kB
Γö£ Γùï /chinese-horoscope                   17.5 kB         536 kB
Γö£ Γùï /chinese-horoscope/history           4.59 kB         523 kB
Γö£ Γùï /compatibility                       20.9 kB         543 kB
Γö£ Γùï /compatibility/history               6.75 kB         525 kB
Γö£ Γùï /delete-account                      2.79 kB         504 kB
Γö£ Γùï /festivals                           8.47 kB         533 kB
Γö£ ╞Æ /festivals/[slug]                    3.47 kB         525 kB
Γö£ Γùï /free-reports                        6.85 kB         469 kB
Γö£ Γùï /free-reports/gemstone               7.81 kB         562 kB
Γö£ Γùï /free-reports/history                6.42 kB         492 kB
Γö£ Γùï /free-reports/kaal-sarp                13 kB         567 kB
Γö£ Γùï /free-reports/sade-sati              5.64 kB         560 kB
Γö£ Γùï /healing                             2.56 kB         148 kB
Γö£ ╞Æ /healing/guides/[slug]               6.54 kB         508 kB
Γö£ Γùï /horoscope-matching                  8.23 kB         551 kB
Γö£ Γùï /horoscope-matching/history          4.18 kB         523 kB
Γö£ Γùï /horoscope-matching/result           5.76 kB         524 kB
Γö£ Γùï /kundli                               9.2 kB         567 kB
Γö£ ╞Æ /kundli/[...slug]                    4.82 kB         527 kB
Γö£ Γùï /kundli/history                      4.48 kB         523 kB
Γö£ Γùï /lal-kitab                           12.7 kB         563 kB
Γö£ Γùï /lal-kitab/history                   4.61 kB         528 kB
Γö£ Γùï /language                            1.91 kB         505 kB
Γö£ Γùï /learn                               2.38 kB         504 kB
Γö£ Γùï /learn-astrology                     2.16 kB         105 kB
Γö£ ╞Æ /learn/guides/[slug]                 6.88 kB         508 kB
Γö£ Γùï /learn/planets                       2.31 kB         504 kB
Γö£ ╞Æ /learn/planets/[slug]                6.42 kB         508 kB
Γö£ Γùï /love-horoscope                      14.9 kB         560 kB
Γö£ Γùï /matrimony                           12.6 kB         560 kB
Γö£ ╞Æ /matrimony/chat/[id]                 9.32 kB         148 kB
Γö£ ╞Æ /matrimony/match/[id]                7.74 kB         494 kB
Γö£ Γùï /matrimony/setup                       14 kB         545 kB
Γö£ Γùï /moon-signs                          18.7 kB         205 kB
Γö£ Γùï /moon-signs/history                  4.33 kB         523 kB
Γö£ Γùï /muhurat                             8.65 kB         551 kB
Γö£ Γùï /muhurat/directory                   7.92 kB         506 kB
Γö£ Γùï /muhurat/history                     6.76 kB         530 kB
Γö£ Γùï /muhurat/result                      9.94 kB         533 kB
Γö£ Γùï /numerology                          9.44 kB         507 kB
Γö£ Γùï /occult-directory                    3.65 kB         513 kB
Γö£ Γùï /occult-directory/results             5.1 kB         514 kB
Γö£ Γùï /orders                              3.94 kB         518 kB
Γö£ ╞Æ /orders/[orderId]                    3.77 kB         528 kB
Γö£ Γùï /panchang                            8.18 kB         533 kB
Γö£ Γùï /planets                             5.01 kB         545 kB
Γö£ Γùï /profile                             4.72 kB         509 kB
Γö£ Γùï /rahu-kaal                           4.84 kB         522 kB
Γö£ Γùï /rashi-calculator                    16.9 kB         203 kB
Γö£ Γùï /register-astrologer                   10 kB         142 kB
Γö£ Γùï /reports                             2.16 kB         105 kB
Γö£ ╞Æ /support                               136 B         103 kB
Γö£ Γùï /wallet                              2.63 kB         502 kB
Γö£ Γùï /wallet/payment                      3.76 kB         500 kB
Γöö Γùï /wallet/recharge                     2.82 kB         499 kB
+ First Load JS shared by all             102 kB
  Γö£ chunks/1255-dfb5f8d642ae4426.js      45.7 kB
  Γö£ chunks/4bd1b696-100b9d70ed4e49c1.js  54.2 kB
  Γöö other shared chunks (total)          2.58 kB


Γùï  (Static)   prerendered as static content
╞Æ  (Dynamic)  server-rendered on demand

