
> vaidik-web@0.1.0 build
> npx rimraf .next && next build

   Γû▓ Next.js 15.5.14
   - Environments: .env

   Creating an optimized production build ...
 Γ£ô Compiled successfully in 23.8s
   Linting and checking validity of types ...
   Collecting page data ...
   Generating static pages (0/57) ...
≡ƒîì API Base URL: http://localhost:3001/api/v1
≡ƒîì API Base URL: http://localhost:3001/api/v1
cmd.exe :  Γ¿» useSearchParams() should be wrapped in a suspense boundary at page "/muhurat/history". Read more: 
https://nextjs.org/docs/messages/missing-suspense-with-csr-bailout
At line:1 char:1
+ cmd.exe /c npm run build > build_output.log 2>&1
+ ~~~~~~~~~~~~~~~~~~~~~~~~~~~~~~~~~~~~~~~~~~~~~~~~
    + CategoryInfo          : NotSpecified: ( Γ¿» useSearchP...ith-csr-bailout:String) [], RemoteException
    + FullyQualifiedErrorId : NativeCommandError
 
    at g (D:\vaidiktalkAI\web-vaidik-main\.next\server\chunks\4998.js:3:125372)
    at m (D:\vaidiktalkAI\web-vaidik-main\.next\server\chunks\4998.js:187:162372)
    at Q (D:\vaidiktalkAI\web-vaidik-main\.next\server\chunks\8168.js:1:21216)
    at n3 
(D:\vaidiktalkAI\web-vaidik-main\node_modules\next\dist\compiled\next-server\app-page.runtime.prod.js:2:82831)
    at n6 
(D:\vaidiktalkAI\web-vaidik-main\node_modules\next\dist\compiled\next-server\app-page.runtime.prod.js:2:84601)
    at n5 
(D:\vaidiktalkAI\web-vaidik-main\node_modules\next\dist\compiled\next-server\app-page.runtime.prod.js:2:104801)
    at n7 
(D:\vaidiktalkAI\web-vaidik-main\node_modules\next\dist\compiled\next-server\app-page.runtime.prod.js:2:102219)
    at ia 
(D:\vaidiktalkAI\web-vaidik-main\node_modules\next\dist\compiled\next-server\app-page.runtime.prod.js:2:108211)
    at ie 
(D:\vaidiktalkAI\web-vaidik-main\node_modules\next\dist\compiled\next-server\app-page.runtime.prod.js:2:106833)
    at n5 
(D:\vaidiktalkAI\web-vaidik-main\node_modules\next\dist\compiled\next-server\app-page.runtime.prod.js:2:105079)
Error occurred prerendering page "/muhurat/history". Read more: https://nextjs.org/docs/messages/prerender-error
Export encountered an error on /(main)/muhurat/history/page: /muhurat/history, exiting the build.
 Γ¿» Next.js build worker exited with code: 1 and signal: null
